
> frontend@0.1.0 build
> craco build

node.exe : 
node:internal/modules/cjs/loader:1401
At C:\Program Files\nodejs\npm.ps1:29 char:3
+   & $NODE_EXE $NPM_CLI_JS $args
+   ~~~~~~~~~~~~~~~~~~~~~~~~~~~~~
    + CategoryInfo          : NotSpecified: (n 
   ode:internal/modules/cjs/loader:1401:Strin  
  g) [], RemoteException
    + FullyQualifiedErrorId : NativeCommandErr 
   or
 
  const err = new Error(message);
              ^

Error: Cannot find module 
'ajv/dist/compile/codegen'
Require stack:
- C:\Users\kapoo\Downloads\PhotoEventGallery\fr
ontend\node_modules\ajv-keywords\dist\definitio
ns\typeof.js
- C:\Users\kapoo\Downloads\PhotoEventGallery\fr
ontend\node_modules\ajv-keywords\dist\keywords\
typeof.js
- C:\Users\kapoo\Downloads\PhotoEventGallery\fr
ontend\node_modules\ajv-keywords\dist\keywords\
index.js
- C:\Users\kapoo\Downloads\PhotoEventGallery\fr
ontend\node_modules\ajv-keywords\dist\index.js
- C:\Users\kapoo\Downloads\PhotoEventGallery\fr
ontend\node_modules\schema-utils\dist\validate.
js
- C:\Users\kapoo\Downloads\PhotoEventGallery\fr
ontend\node_modules\schema-utils\dist\index.js
- C:\Users\kapoo\Downloads\PhotoEventGallery\fr
ontend\node_modules\terser-webpack-plugin\dist\
index.js
- C:\Users\kapoo\Downloads\PhotoEventGallery\fr
ontend\node_modules\react-scripts\config\webpac
k.config.js
- C:\Users\kapoo\Downloads\PhotoEventGallery\fr
ontend\node_modules\@craco\craco\dist\lib\cra.j
s
- C:\Users\kapoo\Downloads\PhotoEventGallery\fr
ontend\node_modules\@craco\craco\dist\scripts\b
uild.js
    at Function._resolveFilename 
(node:internal/modules/cjs/loader:1401:15)
    at defaultResolveImpl 
(node:internal/modules/cjs/loader:1057:19)
    at resolveForCJSWithHooks 
(node:internal/modules/cjs/loader:1062:22)
    at Function._load 
(node:internal/modules/cjs/loader:1211:37)
    at TracingChannel.traceSync 
(node:diagnostics_channel:322:14)
    at wrapModuleLoad 
(node:internal/modules/cjs/loader:235:24)
    at Module.require 
(node:internal/modules/cjs/loader:1487:12)
    at require 
(node:internal/modules/helpers:135:16)
    at Object.<anonymous> (C:\Users\kapoo\Downl
oads\PhotoEventGallery\frontend\node_modules\aj
v-keywords\dist\definitions\typeof.js:3:19)
    at Module._compile 
(node:internal/modules/cjs/loader:1730:14) {
  code: 'MODULE_NOT_FOUND',
  requireStack: [
    'C:\\Users\\kapoo\\Downloads\\PhotoEventGal
lery\\frontend\\node_modules\\ajv-keywords\\dis
t\\definitions\\typeof.js',
    'C:\\Users\\kapoo\\Downloads\\PhotoEventGal
lery\\frontend\\node_modules\\ajv-keywords\\dis
t\\keywords\\typeof.js',
    'C:\\Users\\kapoo\\Downloads\\PhotoEventGal
lery\\frontend\\node_modules\\ajv-keywords\\dis
t\\keywords\\index.js',
    'C:\\Users\\kapoo\\Downloads\\PhotoEventGal
lery\\frontend\\node_modules\\ajv-keywords\\dis
t\\index.js',
    'C:\\Users\\kapoo\\Downloads\\PhotoEventGal
lery\\frontend\\node_modules\\schema-utils\\dis
t\\validate.js',
    'C:\\Users\\kapoo\\Downloads\\PhotoEventGal
lery\\frontend\\node_modules\\schema-utils\\dis
t\\index.js',
    'C:\\Users\\kapoo\\Downloads\\PhotoEventGal
lery\\frontend\\node_modules\\terser-webpack-pl
ugin\\dist\\index.js',
    'C:\\Users\\kapoo\\Downloads\\PhotoEventGal
lery\\frontend\\node_modules\\react-scripts\\co
nfig\\webpack.config.js',
    'C:\\Users\\kapoo\\Downloads\\PhotoEventGal
lery\\frontend\\node_modules\\@craco\\craco\\di
st\\lib\\cra.js',
    'C:\\Users\\kapoo\\Downloads\\PhotoEventGal
lery\\frontend\\node_modules\\@craco\\craco\\di
st\\scripts\\build.js'
  ]
}

Node.js v22.16.0
